
 Start         Length     Name                   Class
 0001:00401000 00002D9CH .text                   CODE
 0002:00404000 000001F0H .itext                  ICODE
 0003:00405000 00000094H .data                   DATA
 0004:00406000 00000038H .bss                    BSS
 0005:00000000 00000000H .tls                    TLS
 0006:00400000 00000000H .pdata                  PDATA


Detailed map of segments

 0001:00000000 00000108 C=CODE     S=.text    G=(none)   M=System   ACBP=A9
 0001:00000108 00000CEC C=CODE     S=.text    G=(none)   M=SysInit  ACBP=A9
 0001:00000DF4 00000008 C=CODE     S=.text    G=(none)   M=System.UITypes ACBP=A9
 0001:00000DFC 0000006C C=CODE     S=.text    G=(none)   M=Winapi.Windows ACBP=A9
 0001:00000E68 00000024 C=CODE     S=.text    G=(none)   M=Winapi.PsAPI ACBP=A9
 0001:00000E8C 00000008 C=CODE     S=.text    G=(none)   M=System.Character ACBP=A9
 0001:00000E94 00000008 C=CODE     S=.text    G=(none)   M=System.Internal.ExcUtils ACBP=A9
 0001:00000E9C 00000040 C=CODE     S=.text    G=(none)   M=System.SysUtils ACBP=A9
 0001:00000EDC 00000008 C=CODE     S=.text    G=(none)   M=System.VarUtils ACBP=A9
 0001:00000EE4 00000008 C=CODE     S=.text    G=(none)   M=System.Variants ACBP=A9
 0001:00000EEC 00000008 C=CODE     S=.text    G=(none)   M=System.Math ACBP=A9
 0001:00000EF4 00000018 C=CODE     S=.text    G=(none)   M=System.Rtti ACBP=A9
 0001:00000F0C 00000008 C=CODE     S=.text    G=(none)   M=System.TypInfo ACBP=A9
 0001:00000F14 00000010 C=CODE     S=.text    G=(none)   M=System.Generics.Defaults ACBP=A9
 0001:00000F24 00000008 C=CODE     S=.text    G=(none)   M=System.TimeSpan ACBP=A9
 0001:00000F2C 000000C8 C=CODE     S=.text    G=(none)   M=System.Classes ACBP=A9
 0001:00000FF4 0000008C C=CODE     S=.text    G=(none)   M=Interfaces.SPQuery ACBP=A9
 0001:00001080 00000010 C=CODE     S=.text    G=(none)   M=System.DateUtils ACBP=A9
 0001:00001090 00000008 C=CODE     S=.text    G=(none)   M=System.IOUtils ACBP=A9
 0001:00001098 00000008 C=CODE     S=.text    G=(none)   M=System.IniFiles ACBP=A9
 0001:000010A0 00000008 C=CODE     S=.text    G=(none)   M=System.SyncObjs ACBP=A9
 0001:000010A8 00000008 C=CODE     S=.text    G=(none)   M=Data.FmtBcd ACBP=A9
 0001:000010B0 00000008 C=CODE     S=.text    G=(none)   M=Data.SqlTimSt ACBP=A9
 0001:000010B8 00000008 C=CODE     S=.text    G=(none)   M=System.Win.Registry ACBP=A9
 0001:000010C0 00000008 C=CODE     S=.text    G=(none)   M=System.AnsiStrings ACBP=A9
 0001:000010C8 00000010 C=CODE     S=.text    G=(none)   M=System.Win.ComObj ACBP=A9
 0001:000010D8 000002B8 C=CODE     S=.text    G=(none)   M=Data.DB  ACBP=A9
 0001:00001390 00000008 C=CODE     S=.text    G=(none)   M=FireDAC.Stan.Error ACBP=A9
 0001:00001398 00000008 C=CODE     S=.text    G=(none)   M=FireDAC.Stan.Util ACBP=A9
 0001:000013A0 00000008 C=CODE     S=.text    G=(none)   M=FireDAC.Stan.Intf ACBP=A9
 0001:000013A8 00000008 C=CODE     S=.text    G=(none)   M=FireDAC.Stan.SQLTimeInt ACBP=A9
 0001:000013B0 00000008 C=CODE     S=.text    G=(none)   M=FireDAC.Stan.Param ACBP=A9
 0001:000013B8 00000008 C=CODE     S=.text    G=(none)   M=FireDAC.DatS ACBP=A9
 0001:000013C0 00000008 C=CODE     S=.text    G=(none)   M=FireDAC.UI.Intf ACBP=A9
 0001:000013C8 00000008 C=CODE     S=.text    G=(none)   M=FireDAC.Stan.Factory ACBP=A9
 0001:000013D0 00000008 C=CODE     S=.text    G=(none)   M=FireDAC.Stan.Option ACBP=A9
 0001:000013D8 00000008 C=CODE     S=.text    G=(none)   M=FireDAC.Stan.Async ACBP=A9
 0001:000013E0 00000008 C=CODE     S=.text    G=(none)   M=FireDAC.DApt ACBP=A9
 0001:000013E8 00000400 C=CODE     S=.text    G=(none)   M=FireDAC.Comp.DataSet ACBP=A9
 0001:000017E8 00000008 C=CODE     S=.text    G=(none)   M=FireDAC.Stan.Expr ACBP=A9
 0001:000017F0 00000210 C=CODE     S=.text    G=(none)   M=FireDAC.Comp.Client ACBP=A9
 0001:00001A00 00000008 C=CODE     S=.text    G=(none)   M=FireDAC.Phys ACBP=A9
 0001:00001A08 00000FB4 C=CODE     S=.text    G=(none)   M=uspQuery ACBP=A9
 0001:000029BC 000003E0 C=CODE     S=.text    G=(none)   M=.spComponentes ACBP=A9
 0002:00000000 00000008 C=ICODE    S=.itext   G=(none)   M=System   ACBP=A9
 0002:00000008 00000008 C=ICODE    S=.itext   G=(none)   M=SysInit  ACBP=A9
 0002:00000010 00000008 C=ICODE    S=.itext   G=(none)   M=System.UITypes ACBP=A9
 0002:00000018 00000018 C=ICODE    S=.itext   G=(none)   M=Winapi.Windows ACBP=A9
 0002:00000030 00000008 C=ICODE    S=.itext   G=(none)   M=Winapi.PsAPI ACBP=A9
 0002:00000038 00000008 C=ICODE    S=.itext   G=(none)   M=System.Character ACBP=A9
 0002:00000040 00000008 C=ICODE    S=.itext   G=(none)   M=System.Internal.ExcUtils ACBP=A9
 0002:00000048 00000028 C=ICODE    S=.itext   G=(none)   M=System.SysUtils ACBP=A9
 0002:00000070 00000008 C=ICODE    S=.itext   G=(none)   M=System.VarUtils ACBP=A9
 0002:00000078 00000008 C=ICODE    S=.itext   G=(none)   M=System.Variants ACBP=A9
 0002:00000080 00000008 C=ICODE    S=.itext   G=(none)   M=System.Math ACBP=A9
 0002:00000088 00000018 C=ICODE    S=.itext   G=(none)   M=System.Rtti ACBP=A9
 0002:000000A0 00000008 C=ICODE    S=.itext   G=(none)   M=System.TypInfo ACBP=A9
 0002:000000A8 00000010 C=ICODE    S=.itext   G=(none)   M=System.Generics.Defaults ACBP=A9
 0002:000000B8 00000008 C=ICODE    S=.itext   G=(none)   M=System.TimeSpan ACBP=A9
 0002:000000C0 00000040 C=ICODE    S=.itext   G=(none)   M=System.Classes ACBP=A9
 0002:00000100 00000008 C=ICODE    S=.itext   G=(none)   M=Interfaces.SPQuery ACBP=A9
 0002:00000108 00000010 C=ICODE    S=.itext   G=(none)   M=System.DateUtils ACBP=A9
 0002:00000118 00000008 C=ICODE    S=.itext   G=(none)   M=System.IOUtils ACBP=A9
 0002:00000120 00000008 C=ICODE    S=.itext   G=(none)   M=System.IniFiles ACBP=A9
 0002:00000128 00000008 C=ICODE    S=.itext   G=(none)   M=System.SyncObjs ACBP=A9
 0002:00000130 00000008 C=ICODE    S=.itext   G=(none)   M=Data.FmtBcd ACBP=A9
 0002:00000138 00000008 C=ICODE    S=.itext   G=(none)   M=Data.SqlTimSt ACBP=A9
 0002:00000140 00000008 C=ICODE    S=.itext   G=(none)   M=System.Win.Registry ACBP=A9
 0002:00000148 00000008 C=ICODE    S=.itext   G=(none)   M=System.AnsiStrings ACBP=A9
 0002:00000150 00000010 C=ICODE    S=.itext   G=(none)   M=System.Win.ComObj ACBP=A9
 0002:00000160 00000008 C=ICODE    S=.itext   G=(none)   M=Data.DB  ACBP=A9
 0002:00000168 00000008 C=ICODE    S=.itext   G=(none)   M=FireDAC.Stan.Error ACBP=A9
 0002:00000170 00000008 C=ICODE    S=.itext   G=(none)   M=FireDAC.Stan.Util ACBP=A9
 0002:00000178 00000008 C=ICODE    S=.itext   G=(none)   M=FireDAC.Stan.Intf ACBP=A9
 0002:00000180 00000008 C=ICODE    S=.itext   G=(none)   M=FireDAC.Stan.SQLTimeInt ACBP=A9
 0002:00000188 00000008 C=ICODE    S=.itext   G=(none)   M=FireDAC.Stan.Param ACBP=A9
 0002:00000190 00000008 C=ICODE    S=.itext   G=(none)   M=FireDAC.DatS ACBP=A9
 0002:00000198 00000008 C=ICODE    S=.itext   G=(none)   M=FireDAC.UI.Intf ACBP=A9
 0002:000001A0 00000008 C=ICODE    S=.itext   G=(none)   M=FireDAC.Stan.Factory ACBP=A9
 0002:000001A8 00000008 C=ICODE    S=.itext   G=(none)   M=FireDAC.Stan.Option ACBP=A9
 0002:000001B0 00000008 C=ICODE    S=.itext   G=(none)   M=FireDAC.Stan.Async ACBP=A9
 0002:000001B8 00000008 C=ICODE    S=.itext   G=(none)   M=FireDAC.DApt ACBP=A9
 0002:000001C0 00000008 C=ICODE    S=.itext   G=(none)   M=FireDAC.Stan.Expr ACBP=A9
 0002:000001C8 00000010 C=ICODE    S=.itext   G=(none)   M=FireDAC.Comp.Client ACBP=A9
 0002:000001D8 00000008 C=ICODE    S=.itext   G=(none)   M=FireDAC.Phys ACBP=A9
 0002:000001E0 00000008 C=ICODE    S=.itext   G=(none)   M=uspQuery ACBP=A9
 0002:000001E8 00000008 C=ICODE    S=.itext   G=(none)   M=.spComponentes ACBP=A9
 0003:00000000 00000088 C=DATA     S=.data    G=DGROUP   M=SysInit  ACBP=A9
 0003:00000088 0000000C C=DATA     S=.data    G=DGROUP   M=Winapi.Windows ACBP=A9
 0004:00000000 00000020 C=BSS      S=.bss     G=DGROUP   M=SysInit  ACBP=A9
 0004:00000020 00000008 C=BSS      S=.bss     G=DGROUP   M=Winapi.Windows ACBP=A9
 0004:00000028 00000008 C=BSS      S=.bss     G=DGROUP   M=Winapi.PsAPI ACBP=A9
 0004:00000030 00000004 C=BSS      S=.bss     G=DGROUP   M=Interfaces.SPQuery ACBP=A9
 0004:00000034 00000004 C=BSS      S=.bss     G=DGROUP   M=uspQuery ACBP=A9


  Address             Publics by Name

 0002:000001E8       .spComponentes..spComponentes
 0001:00002D7C       .spComponentes.@GetPackageInfoTable
 0001:00002D84       .spComponentes.@PackageLoad
 0001:00002D90       .spComponentes.@PackageUnload
 0002:00000160       Data.DB.Data.DB
 0001:00001388       Data.DB.Finalization
 0001:00001250       Data.DB.TDataSet.ActivateBuffers
 0001:00001170       Data.DB.TDataSet.BindFields
 0001:000012A0       Data.DB.TDataSet.BlockReadNext
 0001:00001290       Data.DB.TDataSet.CalculateFields
 0001:00001288       Data.DB.TDataSet.CalculateFields
 0001:000010F8       Data.DB.TDataSet.CheckActive
 0001:00001168       Data.DB.TDataSet.CheckFieldCompatibility
 0001:000010F0       Data.DB.TDataSet.CheckInactive
 0001:00001248       Data.DB.TDataSet.ClearBuffers
 0001:00001158       Data.DB.TDataSet.CreateFields
 0001:000010E0       Data.DB.TDataSet.CreateNestedDataSet
 0001:000011D8       Data.DB.TDataSet.DataConvert
 0001:000011D0       Data.DB.TDataSet.DataConvert
 0001:00001120       Data.DB.TDataSet.DefChanged
 0001:00001160       Data.DB.TDataSet.DestroyFields
 0001:00001320       Data.DB.TDataSet.DoAfterCancel
 0001:00001328       Data.DB.TDataSet.DoAfterClose
 0001:00001330       Data.DB.TDataSet.DoAfterDelete
 0001:00001338       Data.DB.TDataSet.DoAfterEdit
 0001:00001340       Data.DB.TDataSet.DoAfterInsert
 0001:00001348       Data.DB.TDataSet.DoAfterPost
 0001:00001350       Data.DB.TDataSet.DoAfterScroll
 0001:00001358       Data.DB.TDataSet.DoBeforeCancel
 0001:00001360       Data.DB.TDataSet.DoBeforeClose
 0001:00001368       Data.DB.TDataSet.DoBeforeOpen
 0001:00001370       Data.DB.TDataSet.DoBeforePost
 0001:00001378       Data.DB.TDataSet.DoBeforeRefresh
 0001:00001380       Data.DB.TDataSet.DoOnCalcFields
 0001:000012D0       Data.DB.TDataSet.FreeBookmark
 0001:00001178       Data.DB.TDataSet.FreeFieldBuffers
 0001:000011F0       Data.DB.TDataSet.GetAggFieldsClass
 0001:00001318       Data.DB.TDataSet.GetAggRecordCount
 0001:00001180       Data.DB.TDataSet.GetBlobFieldData
 0001:000012C8       Data.DB.TDataSet.GetBookmark
 0001:000012E8       Data.DB.TDataSet.GetBookmarkData
 0001:000012F0       Data.DB.TDataSet.GetBookmarkData
 0001:00001308       Data.DB.TDataSet.GetBookmarkFlag
 0001:000012D8       Data.DB.TDataSet.GetBookmarkStr
 0001:00001278       Data.DB.TDataSet.GetCalcFields
 0001:00001280       Data.DB.TDataSet.GetCalcFields
 0001:00001148       Data.DB.TDataSet.GetCalcFieldTypes
 0001:00001218       Data.DB.TDataSet.GetCheckConstraintsClass
 0001:00001258       Data.DB.TDataSet.GetCurrentRecord
 0001:00001100       Data.DB.TDataSet.GetDetailDataSets
 0001:00001108       Data.DB.TDataSet.GetDetailDataSets
 0001:00001110       Data.DB.TDataSet.GetDetailLinkFields
 0001:00001140       Data.DB.TDataSet.GetFieldClass
 0001:00001198       Data.DB.TDataSet.GetFieldData
 0001:000011A0       Data.DB.TDataSet.GetFieldData
 0001:00001190       Data.DB.TDataSet.GetFieldData
 0001:00001188       Data.DB.TDataSet.GetFieldData
 0001:00001210       Data.DB.TDataSet.GetFieldDefListClass
 0001:00001200       Data.DB.TDataSet.GetFieldDefsClass
 0001:00001150       Data.DB.TDataSet.GetFieldFullName
 0001:000011F8       Data.DB.TDataSet.GetFieldListClass
 0001:000011C0       Data.DB.TDataSet.GetFieldNames
 0001:000011E8       Data.DB.TDataSet.GetFieldsClass
 0001:00001208       Data.DB.TDataSet.GetIndexDefsClass
 0001:00001118       Data.DB.TDataSet.GetLookupListClass
 0001:00001230       Data.DB.TDataSet.GetNextRecord
 0001:00001260       Data.DB.TDataSet.GetNextRecords
 0001:000011E0       Data.DB.TDataSet.GetParamsClass
 0001:00001238       Data.DB.TDataSet.GetPriorRecord
 0001:00001268       Data.DB.TDataSet.GetPriorRecords
 0001:00001128       Data.DB.TDataSet.InitFieldDefs
 0001:00001270       Data.DB.TDataSet.InitRecord
 0001:000012C0       Data.DB.TDataSet.InternalAddRecord
 0001:000012B8       Data.DB.TDataSet.InternalAddRecord
 0001:00001310       Data.DB.TDataSet.InternalSetToRecord
 0001:00001298       Data.DB.TDataSet.MoveBy
 0001:00001240       Data.DB.TDataSet.Resync
 0001:000012A8       Data.DB.TDataSet.SetBlockReadSize
 0001:000012F8       Data.DB.TDataSet.SetBookmarkData
 0001:00001300       Data.DB.TDataSet.SetBookmarkData
 0001:000012E0       Data.DB.TDataSet.SetBookmarkStr
 0001:00001220       Data.DB.TDataSet.SetBufListSize
 0001:00001228       Data.DB.TDataSet.SetCurrentRecord
 0001:000010E8       Data.DB.TDataSet.SetDataSetField
 0001:000011B0       Data.DB.TDataSet.SetFieldData
 0001:000011B8       Data.DB.TDataSet.SetFieldData
 0001:000011A8       Data.DB.TDataSet.SetFieldData
 0001:00001138       Data.DB.TDataSet.SetFieldDefProps
 0001:00001130       Data.DB.TDataSet.SetFieldProps
 0001:000010D8       Data.DB.TDataSet.SetName
 0001:000011C8       Data.DB.TDataSet.SetStateFieldValue
 0001:000012B0       Data.DB.TDataSet.Translate
 0002:00000130       Data.FmtBcd.Data.FmtBcd
 0001:000010A8       Data.FmtBcd.Finalization
 0002:00000138       Data.SqlTimSt.Data.SqlTimSt
 0001:000010B0       Data.SqlTimSt.Finalization
 0001:000019F8       FireDAC.Comp.Client.Finalization
 0002:000001D0       FireDAC.Comp.Client.FireDAC.Comp.Client
 0001:00001810       FireDAC.Comp.Client.TFDAdaptedDataSet.AttachTable
 0001:00001808       FireDAC.Comp.Client.TFDAdaptedDataSet.CheckOnline
 0001:000018C0       FireDAC.Comp.Client.TFDAdaptedDataSet.DoApplyUpdates
 0001:00001818       FireDAC.Comp.Client.TFDAdaptedDataSet.DoCloneCursor
 0001:00001878       FireDAC.Comp.Client.TFDAdaptedDataSet.DoCloseSource
 0001:00001850       FireDAC.Comp.Client.TFDAdaptedDataSet.DoDefineDatSManager
 0001:000018B8       FireDAC.Comp.Client.TFDAdaptedDataSet.DoExecuteSource
 0001:000018A0       FireDAC.Comp.Client.TFDAdaptedDataSet.DoFetch
 0001:000018A8       FireDAC.Comp.Client.TFDAdaptedDataSet.DoFetch
 0001:00001890       FireDAC.Comp.Client.TFDAdaptedDataSet.DoGetDatSManager
 0001:00001898       FireDAC.Comp.Client.TFDAdaptedDataSet.DoGetTableName
 0001:00001868       FireDAC.Comp.Client.TFDAdaptedDataSet.DoIsSourceAsync
 0001:00001870       FireDAC.Comp.Client.TFDAdaptedDataSet.DoIsSourceOnline
 0001:00001860       FireDAC.Comp.Client.TFDAdaptedDataSet.DoIsSourceOpen
 0001:000018B0       FireDAC.Comp.Client.TFDAdaptedDataSet.DoMasterClearDetails
 0001:00001828       FireDAC.Comp.Client.TFDAdaptedDataSet.DoMasterDefined
 0001:00001838       FireDAC.Comp.Client.TFDAdaptedDataSet.DoMasterParamDependent
 0001:00001830       FireDAC.Comp.Client.TFDAdaptedDataSet.DoMasterParamSetValues
 0001:00001858       FireDAC.Comp.Client.TFDAdaptedDataSet.DoOpenSource
 0001:00001840       FireDAC.Comp.Client.TFDAdaptedDataSet.DoPrepareSource
 0001:000018C8       FireDAC.Comp.Client.TFDAdaptedDataSet.DoProcessUpdateRequest
 0001:00001888       FireDAC.Comp.Client.TFDAdaptedDataSet.DoResetAtLoading
 0001:00001880       FireDAC.Comp.Client.TFDAdaptedDataSet.DoResetDatSManager
 0001:000018E0       FireDAC.Comp.Client.TFDAdaptedDataSet.DoStoredActivation
 0001:00001848       FireDAC.Comp.Client.TFDAdaptedDataSet.DoUnprepareSource
 0001:00001970       FireDAC.Comp.Client.TFDAdaptedDataSet.ExecuteCommand
 0001:00001968       FireDAC.Comp.Client.TFDAdaptedDataSet.GetCommandStates
 0001:000018E8       FireDAC.Comp.Client.TFDAdaptedDataSet.GetConn
 0001:000018F0       FireDAC.Comp.Client.TFDAdaptedDataSet.GetFeatures
 0001:000018D0       FireDAC.Comp.Client.TFDAdaptedDataSet.GetOptionsIntf
 0001:00001800       FireDAC.Comp.Client.TFDAdaptedDataSet.GetParams
 0001:000017F8       FireDAC.Comp.Client.TFDAdaptedDataSet.Notification
 0001:00001908       FireDAC.Comp.Client.TFDAdaptedDataSet.PSEndTransaction
 0001:00001958       FireDAC.Comp.Client.TFDAdaptedDataSet.PSExecuteStatement
 0001:00001950       FireDAC.Comp.Client.TFDAdaptedDataSet.PSExecuteStatement
 0001:00001948       FireDAC.Comp.Client.TFDAdaptedDataSet.PSExecuteStatement
 0001:00001960       FireDAC.Comp.Client.TFDAdaptedDataSet.PSGetAttributes
 0001:00001938       FireDAC.Comp.Client.TFDAdaptedDataSet.PSGetCommandText
 0001:00001928       FireDAC.Comp.Client.TFDAdaptedDataSet.PSGetParams
 0001:00001920       FireDAC.Comp.Client.TFDAdaptedDataSet.PSGetQuoteChar
 0001:000018F8       FireDAC.Comp.Client.TFDAdaptedDataSet.PSInTransaction
 0001:00001910       FireDAC.Comp.Client.TFDAdaptedDataSet.PSIsSQLBased
 0001:00001918       FireDAC.Comp.Client.TFDAdaptedDataSet.PSIsSQLSupported
 0001:00001940       FireDAC.Comp.Client.TFDAdaptedDataSet.PSSetCommandText
 0001:00001930       FireDAC.Comp.Client.TFDAdaptedDataSet.PSSetParams
 0001:00001900       FireDAC.Comp.Client.TFDAdaptedDataSet.PSStartTransaction
 0001:00001820       FireDAC.Comp.Client.TFDAdaptedDataSet.ServerDeleteAll
 0001:000018D8       FireDAC.Comp.Client.TFDAdaptedDataSet.SetOptionsIntf
 0002:000001C8       FireDAC.Comp.Client.TFDCustomManager.Create@
 0001:000017F0       FireDAC.Comp.Client.TFDCustomManager.Destroy@
 0001:000019D8       FireDAC.Comp.Client.TFDCustomQuery.Create
 0001:000019E0       FireDAC.Comp.Client.TFDCustomQuery.DefineProperties
 0001:000019E8       FireDAC.Comp.Client.TFDCustomQuery.GetSQL
 0001:000019F0       FireDAC.Comp.Client.TFDCustomQuery.UpdateRecordCount
 0001:000019A8       FireDAC.Comp.Client.TFDRdbmsDataSet.CheckCachedUpdatesMode
 0001:00001978       FireDAC.Comp.Client.TFDRdbmsDataSet.Destroy
 0001:000019C8       FireDAC.Comp.Client.TFDRdbmsDataSet.Disconnect
 0001:000019B8       FireDAC.Comp.Client.TFDRdbmsDataSet.DoAfterOpenOrExecute
 0001:000019C0       FireDAC.Comp.Client.TFDRdbmsDataSet.InternalClose
 0001:00001988       FireDAC.Comp.Client.TFDRdbmsDataSet.InternalCreateAdapter
 0001:00001980       FireDAC.Comp.Client.TFDRdbmsDataSet.Loaded
 0001:000019B0       FireDAC.Comp.Client.TFDRdbmsDataSet.OpenCursor
 0001:000019D0       FireDAC.Comp.Client.TFDRdbmsDataSet.PSGetCommandType
 0001:000019A0       FireDAC.Comp.Client.TFDRdbmsDataSet.ReleaseBase
 0001:00001990       FireDAC.Comp.Client.TFDRdbmsDataSet.SetTransaction
 0001:00001998       FireDAC.Comp.Client.TFDRdbmsDataSet.SetUpdateTransaction
 0001:000014D0       FireDAC.Comp.DataSet.TFDDataSet.AllocRecordBuffer
 0001:000016B0       FireDAC.Comp.DataSet.TFDDataSet.BookmarkValid
 0001:000014B8       FireDAC.Comp.DataSet.TFDDataSet.CalcBookmarkSize
 0001:00001628       FireDAC.Comp.DataSet.TFDDataSet.Cancel
 0001:00001438       FireDAC.Comp.DataSet.TFDDataSet.CheckMasterRange
 0001:00001498       FireDAC.Comp.DataSet.TFDDataSet.ClearCalcFields
 0001:000014E0       FireDAC.Comp.DataSet.TFDDataSet.ClearCalcFields
 0001:00001750       FireDAC.Comp.DataSet.TFDDataSet.CloneCursor
 0001:00001558       FireDAC.Comp.DataSet.TFDDataSet.CloseBlob
 0001:00001470       FireDAC.Comp.DataSet.TFDDataSet.CloseCursor
 0001:000016A8       FireDAC.Comp.DataSet.TFDDataSet.CompareBookmarks
 0001:00001550       FireDAC.Comp.DataSet.TFDDataSet.CreateBlobStream
 0001:00001760       FireDAC.Comp.DataSet.TFDDataSet.CreateDataSet
 0001:00001448       FireDAC.Comp.DataSet.TFDDataSet.CreateFilterView
 0001:000013F0       FireDAC.Comp.DataSet.TFDDataSet.DataEvent
 0001:00001570       FireDAC.Comp.DataSet.TFDDataSet.DoAdjustSortFields
 0001:00001798       FireDAC.Comp.DataSet.TFDDataSet.DoAfterApplyUpdate
 0001:00001468       FireDAC.Comp.DataSet.TFDDataSet.DoAfterExecute
 0001:00001590       FireDAC.Comp.DataSet.TFDDataSet.DoAfterGetRecords
 0001:00001480       FireDAC.Comp.DataSet.TFDDataSet.DoAfterOpen
 0001:000015B0       FireDAC.Comp.DataSet.TFDDataSet.DoAfterRefresh
 0001:000015A0       FireDAC.Comp.DataSet.TFDDataSet.DoAfterRowRequest
 0001:00001790       FireDAC.Comp.DataSet.TFDDataSet.DoBeforeApplyUpdate
 0001:000015F8       FireDAC.Comp.DataSet.TFDDataSet.DoBeforeDelete
 0001:000015F0       FireDAC.Comp.DataSet.TFDDataSet.DoBeforeEdit
 0001:00001460       FireDAC.Comp.DataSet.TFDDataSet.DoBeforeExecute
 0001:00001588       FireDAC.Comp.DataSet.TFDDataSet.DoBeforeGetRecords
 0001:000015E8       FireDAC.Comp.DataSet.TFDDataSet.DoBeforeInsert
 0001:00001598       FireDAC.Comp.DataSet.TFDDataSet.DoBeforeRowRequest
 0001:000015A8       FireDAC.Comp.DataSet.TFDDataSet.DoBeforeScroll
 0001:00001788       FireDAC.Comp.DataSet.TFDDataSet.DoCachedUpdatesChanged
 0001:00001458       FireDAC.Comp.DataSet.TFDDataSet.DoCreateFields
 0001:00001718       FireDAC.Comp.DataSet.TFDDataSet.DoFilteringUpdated
 0001:00001740       FireDAC.Comp.DataSet.TFDDataSet.DoFilterRow
 0001:00001420       FireDAC.Comp.DataSet.TFDDataSet.DoMasterParamChanged
 0001:00001428       FireDAC.Comp.DataSet.TFDDataSet.DoMasterReset
 0001:00001648       FireDAC.Comp.DataSet.TFDDataSet.DoOnNewRecord
 0001:00001568       FireDAC.Comp.DataSet.TFDDataSet.DoPurge
 0001:00001660       FireDAC.Comp.DataSet.TFDDataSet.DoReconcileErrorHandler
 0001:00001580       FireDAC.Comp.DataSet.TFDDataSet.DoSortOrderChanged
 0001:00001578       FireDAC.Comp.DataSet.TFDDataSet.DoSortOrderChanging
 0001:00001650       FireDAC.Comp.DataSet.TFDDataSet.DoUpdateErrorHandler
 0001:00001658       FireDAC.Comp.DataSet.TFDDataSet.DoUpdateRecordHandler
 0001:00001490       FireDAC.Comp.DataSet.TFDDataSet.Execute
 0001:00001748       FireDAC.Comp.DataSet.TFDDataSet.FindRecord
 0001:000014D8       FireDAC.Comp.DataSet.TFDDataSet.FreeRecordBuffer
 0001:000016B8       FireDAC.Comp.DataSet.TFDDataSet.GetAggregateValue
 0001:00001690       FireDAC.Comp.DataSet.TFDDataSet.GetBookmarkData
 0001:00001680       FireDAC.Comp.DataSet.TFDDataSet.GetBookmarkFlag
 0001:000015B8       FireDAC.Comp.DataSet.TFDDataSet.GetCanModify
 0001:000015C0       FireDAC.Comp.DataSet.TFDDataSet.GetCanRefresh
 0001:00001758       FireDAC.Comp.DataSet.TFDDataSet.GetClonedDataSet
 0001:00001508       FireDAC.Comp.DataSet.TFDDataSet.GetCurrentRecord
 0001:00001408       FireDAC.Comp.DataSet.TFDDataSet.GetDataSource
 0001:00001410       FireDAC.Comp.DataSet.TFDDataSet.GetDetailLinkFields
 0001:00001768       FireDAC.Comp.DataSet.TFDDataSet.GetExists
 0001:000014B0       FireDAC.Comp.DataSet.TFDDataSet.GetFieldClass
 0001:00001538       FireDAC.Comp.DataSet.TFDDataSet.GetFieldData
 0001:00001530       FireDAC.Comp.DataSet.TFDDataSet.GetFieldData
 0001:000016C8       FireDAC.Comp.DataSet.TFDDataSet.GetIsIndexField
 0001:00001560       FireDAC.Comp.DataSet.TFDDataSet.GetModifiedBlobCached
 0001:00001518       FireDAC.Comp.DataSet.TFDDataSet.GetRecNo
 0001:000014F8       FireDAC.Comp.DataSet.TFDDataSet.GetRecord
 0001:00001500       FireDAC.Comp.DataSet.TFDDataSet.GetRecord
 0001:00001510       FireDAC.Comp.DataSet.TFDDataSet.GetRecordCount
 0001:000014C8       FireDAC.Comp.DataSet.TFDDataSet.GetRecordSize
 0001:00001540       FireDAC.Comp.DataSet.TFDDataSet.GetStateFieldValue
 0001:000014C0       FireDAC.Comp.DataSet.TFDDataSet.InitBufferPointers
 0001:00001640       FireDAC.Comp.DataSet.TFDDataSet.InitRecord
 0001:00001630       FireDAC.Comp.DataSet.TFDDataSet.InternalAddRecord
 0001:00001620       FireDAC.Comp.DataSet.TFDDataSet.InternalCancel
 0001:000016D0       FireDAC.Comp.DataSet.TFDDataSet.InternalDefaultKeyFieldCount
 0001:00001610       FireDAC.Comp.DataSet.TFDDataSet.InternalDelete
 0001:000015D8       FireDAC.Comp.DataSet.TFDDataSet.InternalEdit
 0001:000015C8       FireDAC.Comp.DataSet.TFDDataSet.InternalFirst
 0001:00001668       FireDAC.Comp.DataSet.TFDDataSet.InternalGotoBookmark
 0001:00001670       FireDAC.Comp.DataSet.TFDDataSet.InternalGotoBookmark
 0001:000016D8       FireDAC.Comp.DataSet.TFDDataSet.InternalGotoKey
 0001:000013E8       FireDAC.Comp.DataSet.TFDDataSet.InternalHandleException
 0001:000014A0       FireDAC.Comp.DataSet.TFDDataSet.InternalInitFieldDefs
 0001:00001638       FireDAC.Comp.DataSet.TFDDataSet.InternalInitRecord
 0001:000014A8       FireDAC.Comp.DataSet.TFDDataSet.InternalInitRecord
 0001:000015E0       FireDAC.Comp.DataSet.TFDDataSet.InternalInsert
 0001:000015D0       FireDAC.Comp.DataSet.TFDDataSet.InternalLast
 0001:00001478       FireDAC.Comp.DataSet.TFDDataSet.InternalOpen
 0001:00001600       FireDAC.Comp.DataSet.TFDDataSet.InternalPost
 0001:00001618       FireDAC.Comp.DataSet.TFDDataSet.InternalRefresh
 0001:000016E0       FireDAC.Comp.DataSet.TFDDataSet.InternalResetRange
 0001:00001520       FireDAC.Comp.DataSet.TFDDataSet.InternalSetRecNo
 0001:00001678       FireDAC.Comp.DataSet.TFDDataSet.InternalSetToRecord
 0001:00001488       FireDAC.Comp.DataSet.TFDDataSet.IsCursorOpen
 0001:000013F8       FireDAC.Comp.DataSet.TFDDataSet.IsSequenced
 0001:00001770       FireDAC.Comp.DataSet.TFDDataSet.LoadFromStorage
 0001:000016E8       FireDAC.Comp.DataSet.TFDDataSet.Locate
 0001:000016F8       FireDAC.Comp.DataSet.TFDDataSet.LocateEx
 0001:000016F0       FireDAC.Comp.DataSet.TFDDataSet.LocateEx
 0001:00001700       FireDAC.Comp.DataSet.TFDDataSet.Lookup
 0001:00001710       FireDAC.Comp.DataSet.TFDDataSet.LookupEx
 0001:00001708       FireDAC.Comp.DataSet.TFDDataSet.LookupEx
 0001:00001440       FireDAC.Comp.DataSet.TFDDataSet.MasterChanged
 0001:00001418       FireDAC.Comp.DataSet.TFDDataSet.MasterDefined
 0001:00001430       FireDAC.Comp.DataSet.TFDDataSet.MasterDisabled
 0001:00001608       FireDAC.Comp.DataSet.TFDDataSet.Post
 0001:000017A8       FireDAC.Comp.DataSet.TFDDataSet.PSExecute
 0001:000017B8       FireDAC.Comp.DataSet.TFDDataSet.PSGetDefaultOrder
 0001:000017C0       FireDAC.Comp.DataSet.TFDDataSet.PSGetIndexDefs
 0001:000017C8       FireDAC.Comp.DataSet.TFDDataSet.PSGetKeyFields
 0001:000017D0       FireDAC.Comp.DataSet.TFDDataSet.PSGetTableName
 0001:000017D8       FireDAC.Comp.DataSet.TFDDataSet.PSGetUpdateException
 0001:000017B0       FireDAC.Comp.DataSet.TFDDataSet.PSReset
 0001:000017E0       FireDAC.Comp.DataSet.TFDDataSet.PSUpdateRecord
 0001:000014E8       FireDAC.Comp.DataSet.TFDDataSet.RefreshInternalCalcFields
 0001:000014F0       FireDAC.Comp.DataSet.TFDDataSet.RefreshInternalCalcFields
 0001:000016C0       FireDAC.Comp.DataSet.TFDDataSet.ResetAggField
 0001:00001780       FireDAC.Comp.DataSet.TFDDataSet.SaveToDFM
 0001:00001778       FireDAC.Comp.DataSet.TFDDataSet.SaveToStorage
 0001:00001400       FireDAC.Comp.DataSet.TFDDataSet.SetActive
 0001:00001698       FireDAC.Comp.DataSet.TFDDataSet.SetBookmarkData
 0001:00001688       FireDAC.Comp.DataSet.TFDDataSet.SetBookmarkFlag
 0001:000016A0       FireDAC.Comp.DataSet.TFDDataSet.SetBookmarkFlag
 0001:00001548       FireDAC.Comp.DataSet.TFDDataSet.SetFieldData
 0001:00001730       FireDAC.Comp.DataSet.TFDDataSet.SetFiltered
 0001:00001720       FireDAC.Comp.DataSet.TFDDataSet.SetFilterOptions
 0001:00001728       FireDAC.Comp.DataSet.TFDDataSet.SetFilterText
 0001:00001738       FireDAC.Comp.DataSet.TFDDataSet.SetOnFilterRecord
 0001:00001528       FireDAC.Comp.DataSet.TFDDataSet.SetRecNo
 0001:00001450       FireDAC.Comp.DataSet.TFDDataSet.UpdateIndexDefs
 0001:000017A0       FireDAC.Comp.DataSet.TFDDataSet.UpdateStatus
 0001:000013E0       FireDAC.DApt.Finalization
 0002:000001B8       FireDAC.DApt.FireDAC.DApt
 0001:000013B8       FireDAC.DatS.Finalization
 0002:00000190       FireDAC.DatS.FireDAC.DatS
 0001:00001A00       FireDAC.Phys.Finalization
 0002:000001D8       FireDAC.Phys.FireDAC.Phys
 0001:000013D8       FireDAC.Stan.Async.Finalization
 0002:000001B0       FireDAC.Stan.Async.FireDAC.Stan.Async
 0001:00001390       FireDAC.Stan.Error.Finalization
 0002:00000168       FireDAC.Stan.Error.FireDAC.Stan.Error
 0001:000017E8       FireDAC.Stan.Expr.Finalization
 0002:000001C0       FireDAC.Stan.Expr.FireDAC.Stan.Expr
 0001:000013C8       FireDAC.Stan.Factory.Finalization
 0002:000001A0       FireDAC.Stan.Factory.FireDAC.Stan.Factory
 0001:000013A0       FireDAC.Stan.Intf.Finalization
 0002:00000178       FireDAC.Stan.Intf.FireDAC.Stan.Intf
 0001:000013D0       FireDAC.Stan.Option.Finalization
 0002:000001A8       FireDAC.Stan.Option.FireDAC.Stan.Option
 0001:000013B0       FireDAC.Stan.Param.Finalization
 0002:00000188       FireDAC.Stan.Param.FireDAC.Stan.Param
 0001:000013A8       FireDAC.Stan.SQLTimeInt.Finalization
 0002:00000180       FireDAC.Stan.SQLTimeInt.FireDAC.Stan.SQLTimeInt
 0001:00001398       FireDAC.Stan.Util.Finalization
 0002:00000170       FireDAC.Stan.Util.FireDAC.Stan.Util
 0001:000013C0       FireDAC.UI.Intf.Finalization
 0002:00000198       FireDAC.UI.Intf.FireDAC.UI.Intf
 0004:00000030       Interfaces.SPQuery..1
 0001:00001078       Interfaces.SPQuery.Finalization
 0002:00000100       Interfaces.SPQuery.Interfaces.SPQuery
 0001:00000CCC       SysInit...
 0003:00000034       SysInit...
 0001:00000DD4       SysInit...
 0001:00000DC4       SysInit...
 0001:00000CDC       SysInit...
 0001:00000DA0       SysInit...
 0001:00000CEC       SysInit...
 0001:00000D78       SysInit...
 0001:00000CFC       SysInit...
 0001:00000D0C       SysInit...
 0001:00000D1C       SysInit...
 0001:00000D30       SysInit...
 0001:00000D60       SysInit...
 0004:00000018       SysInit..1
 0001:000007A0       SysInit.@InitPkg
 0001:00000804       SysInit.@PackageLoad
 0001:00000810       SysInit.@PackageUnload
 0001:00000280       SysInit.@_dbkDummyProc
 0001:00000284       SysInit.@_dbkFCallArgs
 0001:00000674       SysInit.@_dbk_fcall_wrapper
 0001:0000081C       SysInit.@_delayLoadHelper2
 0001:00000AFC       SysInit.@_FUnloadDelayLoadedDLL2
 0001:00000C0C       SysInit.@_HrLoadAllImportsForDll
 0004:00000014       SysInit.@_pfnDliFailureHook2
 0004:00000010       SysInit.@_pfnDliNotifyHook2
 0001:00000170       SysInit.AllocTlsBuffer
 0004:0000000C       SysInit.dbkFCallWrapperAddr
 0001:0000022C       SysInit.ExitProcessTLS
 0001:000001F4       SysInit.ExitThreadTLS
 0001:00000DE4       SysInit.Finalization
 0001:00000118       SysInit.FreeLibrary
 0001:00000150       SysInit.GetLastError
 0001:00000168       SysInit.GetProcAddress
 0001:0000017C       SysInit.GetTlsSize
 0004:00000004       SysInit.HInstance
 0001:00000250       SysInit.InitializeModule
 0001:000001C8       SysInit.InitProcessTLS
 0001:00000184       SysInit.InitThreadTLS
 0001:00000108       SysInit.InterlockedExchange
 0001:00000158       SysInit.LoadLibraryA
 0001:00000120       SysInit.LocalAlloc
 0001:00000128       SysInit.LocalFree
 0003:00000008       SysInit.Module
 0004:00000000       SysInit.ModuleIsLib
 0004:00000001       SysInit.ModuleIsPackage
 0003:00000004       SysInit.PtrToNil
 0001:00000160       SysInit.RaiseException
 0001:00000CC4       SysInit.ShutdownDelayHelp2
 0002:00000008       SysInit.SysInit
 0001:00000130       SysInit.TlsAlloc
 0004:0000001C       SysInit.tlsBuffer
 0001:00000138       SysInit.TlsFree
 0001:00000140       SysInit.TlsGetValue
 0003:00000000       SysInit.TlsIndex
 0005:00000000       SysInit.TlsLast
 0003:00000024       SysInit.TlsProc
 0001:00000148       SysInit.TlsSetValue
 0001:0000025C       SysInit.UninitializeModule
 0004:FFFFA000       SysInit.__ImageBase
 0001:00000058       System.@AfterConstruction
 0001:00000060       System.@BeforeDestruction
 0001:00000048       System.@ClassCreate
 0001:00000050       System.@ClassDestroy
 0001:00000080       System.@DoneExcept
 0001:00000068       System.@HandleAnyException
 0001:00000070       System.@HandleFinally
 0001:00000088       System.@PackageLoad
 0001:00000090       System.@PackageUnload
 0001:00000078       System.@RaiseExcept
 0001:00000098       System.@RunError
 0001:000000A8       System.@UStrArrayClr
 0001:000000B0       System.@UStrAsg
 0001:000000C0       System.@UStrCat
 0001:000000C8       System.@UStrCat3
 0001:000000D0       System.@UStrCatN
 0001:000000A0       System.@UStrClr
 0001:000000E0       System.@UStrCopy
 0001:000000D8       System.@UStrEqual
 0001:000000B8       System.@UStrLen
 0001:00000100       System.Finalization
 0001:000000E8       System.Pos
 0001:000000F0       System.RegisterModule
 0002:00000000       System.System
 0001:00000038       System.TObject.AfterConstruction
 0001:00000030       System.TObject.DefaultHandler
 0001:00000040       System.TObject.Dispatch
 0001:00000018       System.TObject.Equals
 0001:00000010       System.TObject.Free
 0001:00000008       System.TObject.FreeInstance
 0001:00000020       System.TObject.GetHashCode
 0001:00000000       System.TObject.NewInstance
 0001:00000028       System.TObject.ToString
 0001:000000F8       System.UnregisterModule
 0001:000010C0       System.AnsiStrings.Finalization
 0002:00000148       System.AnsiStrings.System.AnsiStrings
 0001:00000E8C       System.Character.Finalization
 0002:00000038       System.Character.System.Character
 0001:00000FEC       System.Classes.Finalization
 0002:000000F8       System.Classes.System.Classes
 0002:000000F0       System.Classes.TBaseAsyncResult.Create@
 0001:00000FE4       System.Classes.TBaseAsyncResult.Destroy@
 0002:000000C8       System.Classes.TBinaryWriter.Create@
 0001:00000FCC       System.Classes.TBinaryWriter.Destroy@
 0001:00000F5C       System.Classes.TComponent.AsyncSchedule
 0001:00000F64       System.Classes.TComponent.BeforeDestruction
 0001:00000F94       System.Classes.TComponent.CanObserve
 0002:000000E0       System.Classes.TComponent.Create@
 0001:00000F2C       System.Classes.TComponent.Destroy@
 0001:00000F84       System.Classes.TComponent.GetObservers
 0001:00000F9C       System.Classes.TComponent.ObserverAdded
 0001:00000FB4       System.Classes.TComponent.QueryInterface
 0001:00000F6C       System.Classes.TComponent.ReadState
 0001:00000FA4       System.Classes.TComponent.SafeCallException
 0001:00000F8C       System.Classes.TComponent.UpdateAction
 0001:00000FAC       System.Classes.TComponent.UpdateRegistry
 0001:00000F7C       System.Classes.TComponent.ValidateRename
 0001:00000F74       System.Classes.TComponent.WriteState
 0001:00000FBC       System.Classes.TComponent._AddRef
 0001:00000FC4       System.Classes.TComponent._Release
 0002:000000D0       System.Classes.TFieldsCache.Create@
 0001:00000F34       System.Classes.TFieldsCache.Destroy@
 0002:000000E8       System.Classes.TLoginCredentialService.Create@
 0001:00000FD4       System.Classes.TLoginCredentialService.Destroy@
 0002:000000C0       System.Classes.TObserverMapping.Create@
 0001:00000FDC       System.Classes.TObserverMapping.Destroy@
 0001:00000F3C       System.Classes.TPersistent.Assign
 0001:00000F44       System.Classes.TPersistent.AssignTo
 0001:00000F4C       System.Classes.TStringList.Create
 0002:000000D8       System.Classes.TThread.Create@
 0001:00000F54       System.Classes.TThread.Destroy@
 0001:00001088       System.DateUtils.Finalization
 0002:00000110       System.DateUtils.System.DateUtils
 0002:00000108       System.DateUtils.TTimeZone.Create@
 0001:00001080       System.DateUtils.TTimeZone.Destroy@
 0002:000000B0       System.Generics.Defaults.TIStringComparer.Create@
 0001:00000F1C       System.Generics.Defaults.TIStringComparer.Destroy@
 0002:000000A8       System.Generics.Defaults.TStringComparer.Create@
 0001:00000F14       System.Generics.Defaults.TStringComparer.Destroy@
 0001:00001098       System.IniFiles.Finalization
 0002:00000120       System.IniFiles.System.IniFiles
 0001:00000E94       System.Internal.ExcUtils.Finalization
 0002:00000040       System.Internal.ExcUtils.System.Internal.ExcUtils
 0002:00000118       System.IOUtils.TPath.Create@
 0001:00001090       System.IOUtils.TPath.Destroy@
 0001:00000EEC       System.Math.Finalization
 0002:00000080       System.Math.System.Math
 0001:00000F04       System.Rtti.Finalization
 0002:00000098       System.Rtti.System.Rtti
 0002:00000088       System.Rtti.TRttiContext.Create@
 0001:00000EFC       System.Rtti.TRttiContext.Destroy@
 0002:00000090       System.Rtti.TValue.Create@
 0001:00000EF4       System.Rtti.TValue.Destroy@
 0001:000010A0       System.SyncObjs.Finalization
 0002:00000128       System.SyncObjs.System.SyncObjs
 0001:00000EB4       System.SysUtils.Exception.Create
 0002:00000058       System.SysUtils.Exception.Create@
 0001:00000EBC       System.SysUtils.Exception.Destroy@
 0001:00000ED4       System.SysUtils.Finalization
 0002:00000068       System.SysUtils.System.SysUtils
 0002:00000050       System.SysUtils.TEncoding.Create@
 0001:00000ECC       System.SysUtils.TEncoding.Destroy@
 0002:00000048       System.SysUtils.TLanguages.Create@
 0001:00000EC4       System.SysUtils.TLanguages.Destroy@
 0002:00000060       System.SysUtils.TOSVersion.Create@
 0001:00000E9C       System.SysUtils.TOSVersion.Destroy@
 0001:00000EAC       System.SysUtils.Trim
 0001:00000EA4       System.SysUtils.UpperCase
 0002:000000B8       System.TimeSpan.TTimeSpan.Create@
 0001:00000F24       System.TimeSpan.TTimeSpan.Destroy@
 0001:00000F0C       System.TypInfo.Finalization
 0002:000000A0       System.TypInfo.System.TypInfo
 0001:00000DF4       System.UITypes.Finalization
 0002:00000010       System.UITypes.System.UITypes
 0001:00000EE4       System.Variants.Finalization
 0002:00000078       System.Variants.System.Variants
 0001:00000EDC       System.VarUtils.Finalization
 0002:00000070       System.VarUtils.System.VarUtils
 0001:000010D0       System.Win.ComObj.Finalization
 0002:00000158       System.Win.ComObj.System.Win.ComObj
 0002:00000150       System.Win.ComObj.TComServerObject.Create@
 0001:000010C8       System.Win.ComObj.TComServerObject.Destroy@
 0002:00000140       System.Win.Registry.TRegistry.Create@
 0001:000010B8       System.Win.Registry.TRegistry.Destroy@
 0004:00000034       uspQuery..2
 0001:00001AE4       uspQuery..TspQuery
 0001:000029B4       uspQuery.Finalization
 0001:0000220C       uspQuery.TspQuery.Create
 0001:00002294       uspQuery.TspQuery.Destroy
 0001:000023F0       uspQuery.TspQuery.GeraSQL
 0001:0000290C       uspQuery.TspQuery.GetSpColunas
 0001:00002928       uspQuery.TspQuery.GetSpCondicoes
 0001:00002944       uspQuery.TspQuery.GetSpTabelas
 0001:00002534       uspQuery.TspQuery.ListaParaString
 0001:00002960       uspQuery.TspQuery.SetSPColunas
 0001:0000297C       uspQuery.TspQuery.SetSPCondicoes
 0001:00002998       uspQuery.TspQuery.SetSPTabelas
 0001:000022F0       uspQuery.TspQuery.VerificarTabela
 0002:000001E0       uspQuery.uspQuery
 0004:00000028       Winapi.PsAPI..1
 0001:00000E68       Winapi.PsAPI.Finalization
 0004:0000002C       Winapi.PsAPI.hPSAPI
 0002:00000030       Winapi.PsAPI.Winapi.PsAPI
 0004:00000020       Winapi.Windows..2
 0001:00000E48       Winapi.Windows.Finalization
 0001:00000DFC       Winapi.Windows.FreeLibrary
 0001:00000E04       Winapi.Windows.GetVersionEx
 0004:00000024       Winapi.Windows.HtmlHelpModule
 0001:00000E0C       Winapi.Windows.InitVersionInfo
 0003:00000088       Winapi.Windows.Win32MajorVersion
 0003:0000008C       Winapi.Windows.Win32MinorVersion
 0003:00000090       Winapi.Windows.Win32Platform
 0002:00000018       Winapi.Windows.Winapi.Windows


  Address             Publics by Value

 0001:00000000       System.TObject.NewInstance
 0001:00000008       System.TObject.FreeInstance
 0001:00000010       System.TObject.Free
 0001:00000018       System.TObject.Equals
 0001:00000020       System.TObject.GetHashCode
 0001:00000028       System.TObject.ToString
 0001:00000030       System.TObject.DefaultHandler
 0001:00000038       System.TObject.AfterConstruction
 0001:00000040       System.TObject.Dispatch
 0001:00000048       System.@ClassCreate
 0001:00000050       System.@ClassDestroy
 0001:00000058       System.@AfterConstruction
 0001:00000060       System.@BeforeDestruction
 0001:00000068       System.@HandleAnyException
 0001:00000070       System.@HandleFinally
 0001:00000078       System.@RaiseExcept
 0001:00000080       System.@DoneExcept
 0001:00000088       System.@PackageLoad
 0001:00000090       System.@PackageUnload
 0001:00000098       System.@RunError
 0001:000000A0       System.@UStrClr
 0001:000000A8       System.@UStrArrayClr
 0001:000000B0       System.@UStrAsg
 0001:000000B8       System.@UStrLen
 0001:000000C0       System.@UStrCat
 0001:000000C8       System.@UStrCat3
 0001:000000D0       System.@UStrCatN
 0001:000000D8       System.@UStrEqual
 0001:000000E0       System.@UStrCopy
 0001:000000E8       System.Pos
 0001:000000F0       System.RegisterModule
 0001:000000F8       System.UnregisterModule
 0001:00000100       System.Finalization
 0001:00000108       SysInit.InterlockedExchange
 0001:00000118       SysInit.FreeLibrary
 0001:00000120       SysInit.LocalAlloc
 0001:00000128       SysInit.LocalFree
 0001:00000130       SysInit.TlsAlloc
 0001:00000138       SysInit.TlsFree
 0001:00000140       SysInit.TlsGetValue
 0001:00000148       SysInit.TlsSetValue
 0001:00000150       SysInit.GetLastError
 0001:00000158       SysInit.LoadLibraryA
 0001:00000160       SysInit.RaiseException
 0001:00000168       SysInit.GetProcAddress
 0001:00000170       SysInit.AllocTlsBuffer
 0001:0000017C       SysInit.GetTlsSize
 0001:00000184       SysInit.InitThreadTLS
 0001:000001C8       SysInit.InitProcessTLS
 0001:000001F4       SysInit.ExitThreadTLS
 0001:0000022C       SysInit.ExitProcessTLS
 0001:00000250       SysInit.InitializeModule
 0001:0000025C       SysInit.UninitializeModule
 0001:00000280       SysInit.@_dbkDummyProc
 0001:00000284       SysInit.@_dbkFCallArgs
 0001:00000674       SysInit.@_dbk_fcall_wrapper
 0001:000007A0       SysInit.@InitPkg
 0001:00000804       SysInit.@PackageLoad
 0001:00000810       SysInit.@PackageUnload
 0001:0000081C       SysInit.@_delayLoadHelper2
 0001:00000AFC       SysInit.@_FUnloadDelayLoadedDLL2
 0001:00000C0C       SysInit.@_HrLoadAllImportsForDll
 0001:00000CC4       SysInit.ShutdownDelayHelp2
 0001:00000CCC       SysInit...
 0001:00000CDC       SysInit...
 0001:00000CEC       SysInit...
 0001:00000CFC       SysInit...
 0001:00000D0C       SysInit...
 0001:00000D1C       SysInit...
 0001:00000D30       SysInit...
 0001:00000D60       SysInit...
 0001:00000D78       SysInit...
 0001:00000DA0       SysInit...
 0001:00000DC4       SysInit...
 0001:00000DD4       SysInit...
 0001:00000DE4       SysInit.Finalization
 0001:00000DF4       System.UITypes.Finalization
 0001:00000DFC       Winapi.Windows.FreeLibrary
 0001:00000E04       Winapi.Windows.GetVersionEx
 0001:00000E0C       Winapi.Windows.InitVersionInfo
 0001:00000E48       Winapi.Windows.Finalization
 0001:00000E68       Winapi.PsAPI.Finalization
 0001:00000E8C       System.Character.Finalization
 0001:00000E94       System.Internal.ExcUtils.Finalization
 0001:00000E9C       System.SysUtils.TOSVersion.Destroy@
 0001:00000EA4       System.SysUtils.UpperCase
 0001:00000EAC       System.SysUtils.Trim
 0001:00000EB4       System.SysUtils.Exception.Create
 0001:00000EBC       System.SysUtils.Exception.Destroy@
 0001:00000EC4       System.SysUtils.TLanguages.Destroy@
 0001:00000ECC       System.SysUtils.TEncoding.Destroy@
 0001:00000ED4       System.SysUtils.Finalization
 0001:00000EDC       System.VarUtils.Finalization
 0001:00000EE4       System.Variants.Finalization
 0001:00000EEC       System.Math.Finalization
 0001:00000EF4       System.Rtti.TValue.Destroy@
 0001:00000EFC       System.Rtti.TRttiContext.Destroy@
 0001:00000F04       System.Rtti.Finalization
 0001:00000F0C       System.TypInfo.Finalization
 0001:00000F14       System.Generics.Defaults.TStringComparer.Destroy@
 0001:00000F1C       System.Generics.Defaults.TIStringComparer.Destroy@
 0001:00000F24       System.TimeSpan.TTimeSpan.Destroy@
 0001:00000F2C       System.Classes.TComponent.Destroy@
 0001:00000F34       System.Classes.TFieldsCache.Destroy@
 0001:00000F3C       System.Classes.TPersistent.Assign
 0001:00000F44       System.Classes.TPersistent.AssignTo
 0001:00000F4C       System.Classes.TStringList.Create
 0001:00000F54       System.Classes.TThread.Destroy@
 0001:00000F5C       System.Classes.TComponent.AsyncSchedule
 0001:00000F64       System.Classes.TComponent.BeforeDestruction
 0001:00000F6C       System.Classes.TComponent.ReadState
 0001:00000F74       System.Classes.TComponent.WriteState
 0001:00000F7C       System.Classes.TComponent.ValidateRename
 0001:00000F84       System.Classes.TComponent.GetObservers
 0001:00000F8C       System.Classes.TComponent.UpdateAction
 0001:00000F94       System.Classes.TComponent.CanObserve
 0001:00000F9C       System.Classes.TComponent.ObserverAdded
 0001:00000FA4       System.Classes.TComponent.SafeCallException
 0001:00000FAC       System.Classes.TComponent.UpdateRegistry
 0001:00000FB4       System.Classes.TComponent.QueryInterface
 0001:00000FBC       System.Classes.TComponent._AddRef
 0001:00000FC4       System.Classes.TComponent._Release
 0001:00000FCC       System.Classes.TBinaryWriter.Destroy@
 0001:00000FD4       System.Classes.TLoginCredentialService.Destroy@
 0001:00000FDC       System.Classes.TObserverMapping.Destroy@
 0001:00000FE4       System.Classes.TBaseAsyncResult.Destroy@
 0001:00000FEC       System.Classes.Finalization
 0001:00001078       Interfaces.SPQuery.Finalization
 0001:00001080       System.DateUtils.TTimeZone.Destroy@
 0001:00001088       System.DateUtils.Finalization
 0001:00001090       System.IOUtils.TPath.Destroy@
 0001:00001098       System.IniFiles.Finalization
 0001:000010A0       System.SyncObjs.Finalization
 0001:000010A8       Data.FmtBcd.Finalization
 0001:000010B0       Data.SqlTimSt.Finalization
 0001:000010B8       System.Win.Registry.TRegistry.Destroy@
 0001:000010C0       System.AnsiStrings.Finalization
 0001:000010C8       System.Win.ComObj.TComServerObject.Destroy@
 0001:000010D0       System.Win.ComObj.Finalization
 0001:000010D8       Data.DB.TDataSet.SetName
 0001:000010E0       Data.DB.TDataSet.CreateNestedDataSet
 0001:000010E8       Data.DB.TDataSet.SetDataSetField
 0001:000010F0       Data.DB.TDataSet.CheckInactive
 0001:000010F8       Data.DB.TDataSet.CheckActive
 0001:00001100       Data.DB.TDataSet.GetDetailDataSets
 0001:00001108       Data.DB.TDataSet.GetDetailDataSets
 0001:00001110       Data.DB.TDataSet.GetDetailLinkFields
 0001:00001118       Data.DB.TDataSet.GetLookupListClass
 0001:00001120       Data.DB.TDataSet.DefChanged
 0001:00001128       Data.DB.TDataSet.InitFieldDefs
 0001:00001130       Data.DB.TDataSet.SetFieldProps
 0001:00001138       Data.DB.TDataSet.SetFieldDefProps
 0001:00001140       Data.DB.TDataSet.GetFieldClass
 0001:00001148       Data.DB.TDataSet.GetCalcFieldTypes
 0001:00001150       Data.DB.TDataSet.GetFieldFullName
 0001:00001158       Data.DB.TDataSet.CreateFields
 0001:00001160       Data.DB.TDataSet.DestroyFields
 0001:00001168       Data.DB.TDataSet.CheckFieldCompatibility
 0001:00001170       Data.DB.TDataSet.BindFields
 0001:00001178       Data.DB.TDataSet.FreeFieldBuffers
 0001:00001180       Data.DB.TDataSet.GetBlobFieldData
 0001:00001188       Data.DB.TDataSet.GetFieldData
 0001:00001190       Data.DB.TDataSet.GetFieldData
 0001:00001198       Data.DB.TDataSet.GetFieldData
 0001:000011A0       Data.DB.TDataSet.GetFieldData
 0001:000011A8       Data.DB.TDataSet.SetFieldData
 0001:000011B0       Data.DB.TDataSet.SetFieldData
 0001:000011B8       Data.DB.TDataSet.SetFieldData
 0001:000011C0       Data.DB.TDataSet.GetFieldNames
 0001:000011C8       Data.DB.TDataSet.SetStateFieldValue
 0001:000011D0       Data.DB.TDataSet.DataConvert
 0001:000011D8       Data.DB.TDataSet.DataConvert
 0001:000011E0       Data.DB.TDataSet.GetParamsClass
 0001:000011E8       Data.DB.TDataSet.GetFieldsClass
 0001:000011F0       Data.DB.TDataSet.GetAggFieldsClass
 0001:000011F8       Data.DB.TDataSet.GetFieldListClass
 0001:00001200       Data.DB.TDataSet.GetFieldDefsClass
 0001:00001208       Data.DB.TDataSet.GetIndexDefsClass
 0001:00001210       Data.DB.TDataSet.GetFieldDefListClass
 0001:00001218       Data.DB.TDataSet.GetCheckConstraintsClass
 0001:00001220       Data.DB.TDataSet.SetBufListSize
 0001:00001228       Data.DB.TDataSet.SetCurrentRecord
 0001:00001230       Data.DB.TDataSet.GetNextRecord
 0001:00001238       Data.DB.TDataSet.GetPriorRecord
 0001:00001240       Data.DB.TDataSet.Resync
 0001:00001248       Data.DB.TDataSet.ClearBuffers
 0001:00001250       Data.DB.TDataSet.ActivateBuffers
 0001:00001258       Data.DB.TDataSet.GetCurrentRecord
 0001:00001260       Data.DB.TDataSet.GetNextRecords
 0001:00001268       Data.DB.TDataSet.GetPriorRecords
 0001:00001270       Data.DB.TDataSet.InitRecord
 0001:00001278       Data.DB.TDataSet.GetCalcFields
 0001:00001280       Data.DB.TDataSet.GetCalcFields
 0001:00001288       Data.DB.TDataSet.CalculateFields
 0001:00001290       Data.DB.TDataSet.CalculateFields
 0001:00001298       Data.DB.TDataSet.MoveBy
 0001:000012A0       Data.DB.TDataSet.BlockReadNext
 0001:000012A8       Data.DB.TDataSet.SetBlockReadSize
 0001:000012B0       Data.DB.TDataSet.Translate
 0001:000012B8       Data.DB.TDataSet.InternalAddRecord
 0001:000012C0       Data.DB.TDataSet.InternalAddRecord
 0001:000012C8       Data.DB.TDataSet.GetBookmark
 0001:000012D0       Data.DB.TDataSet.FreeBookmark
 0001:000012D8       Data.DB.TDataSet.GetBookmarkStr
 0001:000012E0       Data.DB.TDataSet.SetBookmarkStr
 0001:000012E8       Data.DB.TDataSet.GetBookmarkData
 0001:000012F0       Data.DB.TDataSet.GetBookmarkData
 0001:000012F8       Data.DB.TDataSet.SetBookmarkData
 0001:00001300       Data.DB.TDataSet.SetBookmarkData
 0001:00001308       Data.DB.TDataSet.GetBookmarkFlag
 0001:00001310       Data.DB.TDataSet.InternalSetToRecord
 0001:00001318       Data.DB.TDataSet.GetAggRecordCount
 0001:00001320       Data.DB.TDataSet.DoAfterCancel
 0001:00001328       Data.DB.TDataSet.DoAfterClose
 0001:00001330       Data.DB.TDataSet.DoAfterDelete
 0001:00001338       Data.DB.TDataSet.DoAfterEdit
 0001:00001340       Data.DB.TDataSet.DoAfterInsert
 0001:00001348       Data.DB.TDataSet.DoAfterPost
 0001:00001350       Data.DB.TDataSet.DoAfterScroll
 0001:00001358       Data.DB.TDataSet.DoBeforeCancel
 0001:00001360       Data.DB.TDataSet.DoBeforeClose
 0001:00001368       Data.DB.TDataSet.DoBeforeOpen
 0001:00001370       Data.DB.TDataSet.DoBeforePost
 0001:00001378       Data.DB.TDataSet.DoBeforeRefresh
 0001:00001380       Data.DB.TDataSet.DoOnCalcFields
 0001:00001388       Data.DB.Finalization
 0001:00001390       FireDAC.Stan.Error.Finalization
 0001:00001398       FireDAC.Stan.Util.Finalization
 0001:000013A0       FireDAC.Stan.Intf.Finalization
 0001:000013A8       FireDAC.Stan.SQLTimeInt.Finalization
 0001:000013B0       FireDAC.Stan.Param.Finalization
 0001:000013B8       FireDAC.DatS.Finalization
 0001:000013C0       FireDAC.UI.Intf.Finalization
 0001:000013C8       FireDAC.Stan.Factory.Finalization
 0001:000013D0       FireDAC.Stan.Option.Finalization
 0001:000013D8       FireDAC.Stan.Async.Finalization
 0001:000013E0       FireDAC.DApt.Finalization
 0001:000013E8       FireDAC.Comp.DataSet.TFDDataSet.InternalHandleException
 0001:000013F0       FireDAC.Comp.DataSet.TFDDataSet.DataEvent
 0001:000013F8       FireDAC.Comp.DataSet.TFDDataSet.IsSequenced
 0001:00001400       FireDAC.Comp.DataSet.TFDDataSet.SetActive
 0001:00001408       FireDAC.Comp.DataSet.TFDDataSet.GetDataSource
 0001:00001410       FireDAC.Comp.DataSet.TFDDataSet.GetDetailLinkFields
 0001:00001418       FireDAC.Comp.DataSet.TFDDataSet.MasterDefined
 0001:00001420       FireDAC.Comp.DataSet.TFDDataSet.DoMasterParamChanged
 0001:00001428       FireDAC.Comp.DataSet.TFDDataSet.DoMasterReset
 0001:00001430       FireDAC.Comp.DataSet.TFDDataSet.MasterDisabled
 0001:00001438       FireDAC.Comp.DataSet.TFDDataSet.CheckMasterRange
 0001:00001440       FireDAC.Comp.DataSet.TFDDataSet.MasterChanged
 0001:00001448       FireDAC.Comp.DataSet.TFDDataSet.CreateFilterView
 0001:00001450       FireDAC.Comp.DataSet.TFDDataSet.UpdateIndexDefs
 0001:00001458       FireDAC.Comp.DataSet.TFDDataSet.DoCreateFields
 0001:00001460       FireDAC.Comp.DataSet.TFDDataSet.DoBeforeExecute
 0001:00001468       FireDAC.Comp.DataSet.TFDDataSet.DoAfterExecute
 0001:00001470       FireDAC.Comp.DataSet.TFDDataSet.CloseCursor
 0001:00001478       FireDAC.Comp.DataSet.TFDDataSet.InternalOpen
 0001:00001480       FireDAC.Comp.DataSet.TFDDataSet.DoAfterOpen
 0001:00001488       FireDAC.Comp.DataSet.TFDDataSet.IsCursorOpen
 0001:00001490       FireDAC.Comp.DataSet.TFDDataSet.Execute
 0001:00001498       FireDAC.Comp.DataSet.TFDDataSet.ClearCalcFields
 0001:000014A0       FireDAC.Comp.DataSet.TFDDataSet.InternalInitFieldDefs
 0001:000014A8       FireDAC.Comp.DataSet.TFDDataSet.InternalInitRecord
 0001:000014B0       FireDAC.Comp.DataSet.TFDDataSet.GetFieldClass
 0001:000014B8       FireDAC.Comp.DataSet.TFDDataSet.CalcBookmarkSize
 0001:000014C0       FireDAC.Comp.DataSet.TFDDataSet.InitBufferPointers
 0001:000014C8       FireDAC.Comp.DataSet.TFDDataSet.GetRecordSize
 0001:000014D0       FireDAC.Comp.DataSet.TFDDataSet.AllocRecordBuffer
 0001:000014D8       FireDAC.Comp.DataSet.TFDDataSet.FreeRecordBuffer
 0001:000014E0       FireDAC.Comp.DataSet.TFDDataSet.ClearCalcFields
 0001:000014E8       FireDAC.Comp.DataSet.TFDDataSet.RefreshInternalCalcFields
 0001:000014F0       FireDAC.Comp.DataSet.TFDDataSet.RefreshInternalCalcFields
 0001:000014F8       FireDAC.Comp.DataSet.TFDDataSet.GetRecord
 0001:00001500       FireDAC.Comp.DataSet.TFDDataSet.GetRecord
 0001:00001508       FireDAC.Comp.DataSet.TFDDataSet.GetCurrentRecord
 0001:00001510       FireDAC.Comp.DataSet.TFDDataSet.GetRecordCount
 0001:00001518       FireDAC.Comp.DataSet.TFDDataSet.GetRecNo
 0001:00001520       FireDAC.Comp.DataSet.TFDDataSet.InternalSetRecNo
 0001:00001528       FireDAC.Comp.DataSet.TFDDataSet.SetRecNo
 0001:00001530       FireDAC.Comp.DataSet.TFDDataSet.GetFieldData
 0001:00001538       FireDAC.Comp.DataSet.TFDDataSet.GetFieldData
 0001:00001540       FireDAC.Comp.DataSet.TFDDataSet.GetStateFieldValue
 0001:00001548       FireDAC.Comp.DataSet.TFDDataSet.SetFieldData
 0001:00001550       FireDAC.Comp.DataSet.TFDDataSet.CreateBlobStream
 0001:00001558       FireDAC.Comp.DataSet.TFDDataSet.CloseBlob
 0001:00001560       FireDAC.Comp.DataSet.TFDDataSet.GetModifiedBlobCached
 0001:00001568       FireDAC.Comp.DataSet.TFDDataSet.DoPurge
 0001:00001570       FireDAC.Comp.DataSet.TFDDataSet.DoAdjustSortFields
 0001:00001578       FireDAC.Comp.DataSet.TFDDataSet.DoSortOrderChanging
 0001:00001580       FireDAC.Comp.DataSet.TFDDataSet.DoSortOrderChanged
 0001:00001588       FireDAC.Comp.DataSet.TFDDataSet.DoBeforeGetRecords
 0001:00001590       FireDAC.Comp.DataSet.TFDDataSet.DoAfterGetRecords
 0001:00001598       FireDAC.Comp.DataSet.TFDDataSet.DoBeforeRowRequest
 0001:000015A0       FireDAC.Comp.DataSet.TFDDataSet.DoAfterRowRequest
 0001:000015A8       FireDAC.Comp.DataSet.TFDDataSet.DoBeforeScroll
 0001:000015B0       FireDAC.Comp.DataSet.TFDDataSet.DoAfterRefresh
 0001:000015B8       FireDAC.Comp.DataSet.TFDDataSet.GetCanModify
 0001:000015C0       FireDAC.Comp.DataSet.TFDDataSet.GetCanRefresh
 0001:000015C8       FireDAC.Comp.DataSet.TFDDataSet.InternalFirst
 0001:000015D0       FireDAC.Comp.DataSet.TFDDataSet.InternalLast
 0001:000015D8       FireDAC.Comp.DataSet.TFDDataSet.InternalEdit
 0001:000015E0       FireDAC.Comp.DataSet.TFDDataSet.InternalInsert
 0001:000015E8       FireDAC.Comp.DataSet.TFDDataSet.DoBeforeInsert
 0001:000015F0       FireDAC.Comp.DataSet.TFDDataSet.DoBeforeEdit
 0001:000015F8       FireDAC.Comp.DataSet.TFDDataSet.DoBeforeDelete
 0001:00001600       FireDAC.Comp.DataSet.TFDDataSet.InternalPost
 0001:00001608       FireDAC.Comp.DataSet.TFDDataSet.Post
 0001:00001610       FireDAC.Comp.DataSet.TFDDataSet.InternalDelete
 0001:00001618       FireDAC.Comp.DataSet.TFDDataSet.InternalRefresh
 0001:00001620       FireDAC.Comp.DataSet.TFDDataSet.InternalCancel
 0001:00001628       FireDAC.Comp.DataSet.TFDDataSet.Cancel
 0001:00001630       FireDAC.Comp.DataSet.TFDDataSet.InternalAddRecord
 0001:00001638       FireDAC.Comp.DataSet.TFDDataSet.InternalInitRecord
 0001:00001640       FireDAC.Comp.DataSet.TFDDataSet.InitRecord
 0001:00001648       FireDAC.Comp.DataSet.TFDDataSet.DoOnNewRecord
 0001:00001650       FireDAC.Comp.DataSet.TFDDataSet.DoUpdateErrorHandler
 0001:00001658       FireDAC.Comp.DataSet.TFDDataSet.DoUpdateRecordHandler
 0001:00001660       FireDAC.Comp.DataSet.TFDDataSet.DoReconcileErrorHandler
 0001:00001668       FireDAC.Comp.DataSet.TFDDataSet.InternalGotoBookmark
 0001:00001670       FireDAC.Comp.DataSet.TFDDataSet.InternalGotoBookmark
 0001:00001678       FireDAC.Comp.DataSet.TFDDataSet.InternalSetToRecord
 0001:00001680       FireDAC.Comp.DataSet.TFDDataSet.GetBookmarkFlag
 0001:00001688       FireDAC.Comp.DataSet.TFDDataSet.SetBookmarkFlag
 0001:00001690       FireDAC.Comp.DataSet.TFDDataSet.GetBookmarkData
 0001:00001698       FireDAC.Comp.DataSet.TFDDataSet.SetBookmarkData
 0001:000016A0       FireDAC.Comp.DataSet.TFDDataSet.SetBookmarkFlag
 0001:000016A8       FireDAC.Comp.DataSet.TFDDataSet.CompareBookmarks
 0001:000016B0       FireDAC.Comp.DataSet.TFDDataSet.BookmarkValid
 0001:000016B8       FireDAC.Comp.DataSet.TFDDataSet.GetAggregateValue
 0001:000016C0       FireDAC.Comp.DataSet.TFDDataSet.ResetAggField
 0001:000016C8       FireDAC.Comp.DataSet.TFDDataSet.GetIsIndexField
 0001:000016D0       FireDAC.Comp.DataSet.TFDDataSet.InternalDefaultKeyFieldCount
 0001:000016D8       FireDAC.Comp.DataSet.TFDDataSet.InternalGotoKey
 0001:000016E0       FireDAC.Comp.DataSet.TFDDataSet.InternalResetRange
 0001:000016E8       FireDAC.Comp.DataSet.TFDDataSet.Locate
 0001:000016F0       FireDAC.Comp.DataSet.TFDDataSet.LocateEx
 0001:000016F8       FireDAC.Comp.DataSet.TFDDataSet.LocateEx
 0001:00001700       FireDAC.Comp.DataSet.TFDDataSet.Lookup
 0001:00001708       FireDAC.Comp.DataSet.TFDDataSet.LookupEx
 0001:00001710       FireDAC.Comp.DataSet.TFDDataSet.LookupEx
 0001:00001718       FireDAC.Comp.DataSet.TFDDataSet.DoFilteringUpdated
 0001:00001720       FireDAC.Comp.DataSet.TFDDataSet.SetFilterOptions
 0001:00001728       FireDAC.Comp.DataSet.TFDDataSet.SetFilterText
 0001:00001730       FireDAC.Comp.DataSet.TFDDataSet.SetFiltered
 0001:00001738       FireDAC.Comp.DataSet.TFDDataSet.SetOnFilterRecord
 0001:00001740       FireDAC.Comp.DataSet.TFDDataSet.DoFilterRow
 0001:00001748       FireDAC.Comp.DataSet.TFDDataSet.FindRecord
 0001:00001750       FireDAC.Comp.DataSet.TFDDataSet.CloneCursor
 0001:00001758       FireDAC.Comp.DataSet.TFDDataSet.GetClonedDataSet
 0001:00001760       FireDAC.Comp.DataSet.TFDDataSet.CreateDataSet
 0001:00001768       FireDAC.Comp.DataSet.TFDDataSet.GetExists
 0001:00001770       FireDAC.Comp.DataSet.TFDDataSet.LoadFromStorage
 0001:00001778       FireDAC.Comp.DataSet.TFDDataSet.SaveToStorage
 0001:00001780       FireDAC.Comp.DataSet.TFDDataSet.SaveToDFM
 0001:00001788       FireDAC.Comp.DataSet.TFDDataSet.DoCachedUpdatesChanged
 0001:00001790       FireDAC.Comp.DataSet.TFDDataSet.DoBeforeApplyUpdate
 0001:00001798       FireDAC.Comp.DataSet.TFDDataSet.DoAfterApplyUpdate
 0001:000017A0       FireDAC.Comp.DataSet.TFDDataSet.UpdateStatus
 0001:000017A8       FireDAC.Comp.DataSet.TFDDataSet.PSExecute
 0001:000017B0       FireDAC.Comp.DataSet.TFDDataSet.PSReset
 0001:000017B8       FireDAC.Comp.DataSet.TFDDataSet.PSGetDefaultOrder
 0001:000017C0       FireDAC.Comp.DataSet.TFDDataSet.PSGetIndexDefs
 0001:000017C8       FireDAC.Comp.DataSet.TFDDataSet.PSGetKeyFields
 0001:000017D0       FireDAC.Comp.DataSet.TFDDataSet.PSGetTableName
 0001:000017D8       FireDAC.Comp.DataSet.TFDDataSet.PSGetUpdateException
 0001:000017E0       FireDAC.Comp.DataSet.TFDDataSet.PSUpdateRecord
 0001:000017E8       FireDAC.Stan.Expr.Finalization
 0001:000017F0       FireDAC.Comp.Client.TFDCustomManager.Destroy@
 0001:000017F8       FireDAC.Comp.Client.TFDAdaptedDataSet.Notification
 0001:00001800       FireDAC.Comp.Client.TFDAdaptedDataSet.GetParams
 0001:00001808       FireDAC.Comp.Client.TFDAdaptedDataSet.CheckOnline
 0001:00001810       FireDAC.Comp.Client.TFDAdaptedDataSet.AttachTable
 0001:00001818       FireDAC.Comp.Client.TFDAdaptedDataSet.DoCloneCursor
 0001:00001820       FireDAC.Comp.Client.TFDAdaptedDataSet.ServerDeleteAll
 0001:00001828       FireDAC.Comp.Client.TFDAdaptedDataSet.DoMasterDefined
 0001:00001830       FireDAC.Comp.Client.TFDAdaptedDataSet.DoMasterParamSetValues
 0001:00001838       FireDAC.Comp.Client.TFDAdaptedDataSet.DoMasterParamDependent
 0001:00001840       FireDAC.Comp.Client.TFDAdaptedDataSet.DoPrepareSource
 0001:00001848       FireDAC.Comp.Client.TFDAdaptedDataSet.DoUnprepareSource
 0001:00001850       FireDAC.Comp.Client.TFDAdaptedDataSet.DoDefineDatSManager
 0001:00001858       FireDAC.Comp.Client.TFDAdaptedDataSet.DoOpenSource
 0001:00001860       FireDAC.Comp.Client.TFDAdaptedDataSet.DoIsSourceOpen
 0001:00001868       FireDAC.Comp.Client.TFDAdaptedDataSet.DoIsSourceAsync
 0001:00001870       FireDAC.Comp.Client.TFDAdaptedDataSet.DoIsSourceOnline
 0001:00001878       FireDAC.Comp.Client.TFDAdaptedDataSet.DoCloseSource
 0001:00001880       FireDAC.Comp.Client.TFDAdaptedDataSet.DoResetDatSManager
 0001:00001888       FireDAC.Comp.Client.TFDAdaptedDataSet.DoResetAtLoading
 0001:00001890       FireDAC.Comp.Client.TFDAdaptedDataSet.DoGetDatSManager
 0001:00001898       FireDAC.Comp.Client.TFDAdaptedDataSet.DoGetTableName
 0001:000018A0       FireDAC.Comp.Client.TFDAdaptedDataSet.DoFetch
 0001:000018A8       FireDAC.Comp.Client.TFDAdaptedDataSet.DoFetch
 0001:000018B0       FireDAC.Comp.Client.TFDAdaptedDataSet.DoMasterClearDetails
 0001:000018B8       FireDAC.Comp.Client.TFDAdaptedDataSet.DoExecuteSource
 0001:000018C0       FireDAC.Comp.Client.TFDAdaptedDataSet.DoApplyUpdates
 0001:000018C8       FireDAC.Comp.Client.TFDAdaptedDataSet.DoProcessUpdateRequest
 0001:000018D0       FireDAC.Comp.Client.TFDAdaptedDataSet.GetOptionsIntf
 0001:000018D8       FireDAC.Comp.Client.TFDAdaptedDataSet.SetOptionsIntf
 0001:000018E0       FireDAC.Comp.Client.TFDAdaptedDataSet.DoStoredActivation
 0001:000018E8       FireDAC.Comp.Client.TFDAdaptedDataSet.GetConn
 0001:000018F0       FireDAC.Comp.Client.TFDAdaptedDataSet.GetFeatures
 0001:000018F8       FireDAC.Comp.Client.TFDAdaptedDataSet.PSInTransaction
 0001:00001900       FireDAC.Comp.Client.TFDAdaptedDataSet.PSStartTransaction
 0001:00001908       FireDAC.Comp.Client.TFDAdaptedDataSet.PSEndTransaction
 0001:00001910       FireDAC.Comp.Client.TFDAdaptedDataSet.PSIsSQLBased
 0001:00001918       FireDAC.Comp.Client.TFDAdaptedDataSet.PSIsSQLSupported
 0001:00001920       FireDAC.Comp.Client.TFDAdaptedDataSet.PSGetQuoteChar
 0001:00001928       FireDAC.Comp.Client.TFDAdaptedDataSet.PSGetParams
 0001:00001930       FireDAC.Comp.Client.TFDAdaptedDataSet.PSSetParams
 0001:00001938       FireDAC.Comp.Client.TFDAdaptedDataSet.PSGetCommandText
 0001:00001940       FireDAC.Comp.Client.TFDAdaptedDataSet.PSSetCommandText
 0001:00001948       FireDAC.Comp.Client.TFDAdaptedDataSet.PSExecuteStatement
 0001:00001950       FireDAC.Comp.Client.TFDAdaptedDataSet.PSExecuteStatement
 0001:00001958       FireDAC.Comp.Client.TFDAdaptedDataSet.PSExecuteStatement
 0001:00001960       FireDAC.Comp.Client.TFDAdaptedDataSet.PSGetAttributes
 0001:00001968       FireDAC.Comp.Client.TFDAdaptedDataSet.GetCommandStates
 0001:00001970       FireDAC.Comp.Client.TFDAdaptedDataSet.ExecuteCommand
 0001:00001978       FireDAC.Comp.Client.TFDRdbmsDataSet.Destroy
 0001:00001980       FireDAC.Comp.Client.TFDRdbmsDataSet.Loaded
 0001:00001988       FireDAC.Comp.Client.TFDRdbmsDataSet.InternalCreateAdapter
 0001:00001990       FireDAC.Comp.Client.TFDRdbmsDataSet.SetTransaction
 0001:00001998       FireDAC.Comp.Client.TFDRdbmsDataSet.SetUpdateTransaction
 0001:000019A0       FireDAC.Comp.Client.TFDRdbmsDataSet.ReleaseBase
 0001:000019A8       FireDAC.Comp.Client.TFDRdbmsDataSet.CheckCachedUpdatesMode
 0001:000019B0       FireDAC.Comp.Client.TFDRdbmsDataSet.OpenCursor
 0001:000019B8       FireDAC.Comp.Client.TFDRdbmsDataSet.DoAfterOpenOrExecute
 0001:000019C0       FireDAC.Comp.Client.TFDRdbmsDataSet.InternalClose
 0001:000019C8       FireDAC.Comp.Client.TFDRdbmsDataSet.Disconnect
 0001:000019D0       FireDAC.Comp.Client.TFDRdbmsDataSet.PSGetCommandType
 0001:000019D8       FireDAC.Comp.Client.TFDCustomQuery.Create
 0001:000019E0       FireDAC.Comp.Client.TFDCustomQuery.DefineProperties
 0001:000019E8       FireDAC.Comp.Client.TFDCustomQuery.GetSQL
 0001:000019F0       FireDAC.Comp.Client.TFDCustomQuery.UpdateRecordCount
 0001:000019F8       FireDAC.Comp.Client.Finalization
 0001:00001A00       FireDAC.Phys.Finalization
 0001:00001AE4       uspQuery..TspQuery
 0001:0000220C       uspQuery.TspQuery.Create
 0001:00002294       uspQuery.TspQuery.Destroy
 0001:000022F0       uspQuery.TspQuery.VerificarTabela
 0001:000023F0       uspQuery.TspQuery.GeraSQL
 0001:00002534       uspQuery.TspQuery.ListaParaString
 0001:0000290C       uspQuery.TspQuery.GetSpColunas
 0001:00002928       uspQuery.TspQuery.GetSpCondicoes
 0001:00002944       uspQuery.TspQuery.GetSpTabelas
 0001:00002960       uspQuery.TspQuery.SetSPColunas
 0001:0000297C       uspQuery.TspQuery.SetSPCondicoes
 0001:00002998       uspQuery.TspQuery.SetSPTabelas
 0001:000029B4       uspQuery.Finalization
 0001:00002D7C       .spComponentes.@GetPackageInfoTable
 0001:00002D84       .spComponentes.@PackageLoad
 0001:00002D90       .spComponentes.@PackageUnload
 0002:00000000       System.System
 0002:00000008       SysInit.SysInit
 0002:00000010       System.UITypes.System.UITypes
 0002:00000018       Winapi.Windows.Winapi.Windows
 0002:00000030       Winapi.PsAPI.Winapi.PsAPI
 0002:00000038       System.Character.System.Character
 0002:00000040       System.Internal.ExcUtils.System.Internal.ExcUtils
 0002:00000048       System.SysUtils.TLanguages.Create@
 0002:00000050       System.SysUtils.TEncoding.Create@
 0002:00000058       System.SysUtils.Exception.Create@
 0002:00000060       System.SysUtils.TOSVersion.Create@
 0002:00000068       System.SysUtils.System.SysUtils
 0002:00000070       System.VarUtils.System.VarUtils
 0002:00000078       System.Variants.System.Variants
 0002:00000080       System.Math.System.Math
 0002:00000088       System.Rtti.TRttiContext.Create@
 0002:00000090       System.Rtti.TValue.Create@
 0002:00000098       System.Rtti.System.Rtti
 0002:000000A0       System.TypInfo.System.TypInfo
 0002:000000A8       System.Generics.Defaults.TStringComparer.Create@
 0002:000000B0       System.Generics.Defaults.TIStringComparer.Create@
 0002:000000B8       System.TimeSpan.TTimeSpan.Create@
 0002:000000C0       System.Classes.TObserverMapping.Create@
 0002:000000C8       System.Classes.TBinaryWriter.Create@
 0002:000000D0       System.Classes.TFieldsCache.Create@
 0002:000000D8       System.Classes.TThread.Create@
 0002:000000E0       System.Classes.TComponent.Create@
 0002:000000E8       System.Classes.TLoginCredentialService.Create@
 0002:000000F0       System.Classes.TBaseAsyncResult.Create@
 0002:000000F8       System.Classes.System.Classes
 0002:00000100       Interfaces.SPQuery.Interfaces.SPQuery
 0002:00000108       System.DateUtils.TTimeZone.Create@
 0002:00000110       System.DateUtils.System.DateUtils
 0002:00000118       System.IOUtils.TPath.Create@
 0002:00000120       System.IniFiles.System.IniFiles
 0002:00000128       System.SyncObjs.System.SyncObjs
 0002:00000130       Data.FmtBcd.Data.FmtBcd
 0002:00000138       Data.SqlTimSt.Data.SqlTimSt
 0002:00000140       System.Win.Registry.TRegistry.Create@
 0002:00000148       System.AnsiStrings.System.AnsiStrings
 0002:00000150       System.Win.ComObj.TComServerObject.Create@
 0002:00000158       System.Win.ComObj.System.Win.ComObj
 0002:00000160       Data.DB.Data.DB
 0002:00000168       FireDAC.Stan.Error.FireDAC.Stan.Error
 0002:00000170       FireDAC.Stan.Util.FireDAC.Stan.Util
 0002:00000178       FireDAC.Stan.Intf.FireDAC.Stan.Intf
 0002:00000180       FireDAC.Stan.SQLTimeInt.FireDAC.Stan.SQLTimeInt
 0002:00000188       FireDAC.Stan.Param.FireDAC.Stan.Param
 0002:00000190       FireDAC.DatS.FireDAC.DatS
 0002:00000198       FireDAC.UI.Intf.FireDAC.UI.Intf
 0002:000001A0       FireDAC.Stan.Factory.FireDAC.Stan.Factory
 0002:000001A8       FireDAC.Stan.Option.FireDAC.Stan.Option
 0002:000001B0       FireDAC.Stan.Async.FireDAC.Stan.Async
 0002:000001B8       FireDAC.DApt.FireDAC.DApt
 0002:000001C0       FireDAC.Stan.Expr.FireDAC.Stan.Expr
 0002:000001C8       FireDAC.Comp.Client.TFDCustomManager.Create@
 0002:000001D0       FireDAC.Comp.Client.FireDAC.Comp.Client
 0002:000001D8       FireDAC.Phys.FireDAC.Phys
 0002:000001E0       uspQuery.uspQuery
 0002:000001E8       .spComponentes..spComponentes
 0003:00000000       SysInit.TlsIndex
 0003:00000004       SysInit.PtrToNil
 0003:00000008       SysInit.Module
 0003:00000024       SysInit.TlsProc
 0003:00000034       SysInit...
 0003:00000088       Winapi.Windows.Win32MajorVersion
 0003:0000008C       Winapi.Windows.Win32MinorVersion
 0003:00000090       Winapi.Windows.Win32Platform
 0004:FFFFA000       SysInit.__ImageBase
 0004:00000000       SysInit.ModuleIsLib
 0004:00000001       SysInit.ModuleIsPackage
 0004:00000004       SysInit.HInstance
 0004:0000000C       SysInit.dbkFCallWrapperAddr
 0004:00000010       SysInit.@_pfnDliNotifyHook2
 0004:00000014       SysInit.@_pfnDliFailureHook2
 0004:00000018       SysInit..1
 0004:0000001C       SysInit.tlsBuffer
 0004:00000020       Winapi.Windows..2
 0004:00000024       Winapi.Windows.HtmlHelpModule
 0004:00000028       Winapi.PsAPI..1
 0004:0000002C       Winapi.PsAPI.hPSAPI
 0004:00000030       Interfaces.SPQuery..1
 0004:00000034       uspQuery..2
 0005:00000000       SysInit.TlsLast


Bound resource files

spComponentes.res
spComponentes.drf


Program entry point at 0002:000001E8
